OUT:
Buildfile: [TestData]/build.xml

build:
    [javac] Compiling 2 source files to [Temp]
    [javac] Compiling [[TestData]] => [[Temp]]
    [javac] [TestData]/incorrectKotlinCode.kt:4:1: error: parameter name expected
    [javac]
    [javac] ^
    [javac] [TestData]/incorrectKotlinCode.kt:4:1: error: expecting comma or ')'
    [javac]
    [javac] ^
    [javac] [TestData]/incorrectKotlinCode.kt:4:1: error: expecting ')'
    [javac]
    [javac] ^
  [kotlinc] Compiling [[TestData]] => [[Temp]]
  [kotlinc] [TestData]/incorrectKotlinCode.kt:4:1: error: parameter name expected
  [kotlinc]
  [kotlinc] ^
  [kotlinc] [TestData]/incorrectKotlinCode.kt:4:1: error: expecting comma or ')'
  [kotlinc]
  [kotlinc] ^
  [kotlinc] [TestData]/incorrectKotlinCode.kt:4:1: error: expecting ')'
  [kotlinc]
  [kotlinc] ^

BUILD SUCCESSFUL
Total time: [time]

ERR:
    [javac] Compile failed; see the compiler error output for details.

Return code: 0
