OUT:
Buildfile: [TestData]/build.xml

build:
  [kotlinc] Compiling [[TestData]/module1.kt] => [[Temp]/module1.jar]
  [kotlinc] Compiling [[TestData]/module2.kt] => [[Temp]/module2.jar]
     [java] A_OA_K
     [java] B_OB_K
     [java] C_OC_K

BUILD SUCCESSFUL
Total time: [time]

Return code: 0
