OUT:
Buildfile: [TestData]/build.xml

build:
  [kotlinc] Compiling [[TestData]/hello.kt] => [[Temp]/hello.jar]
     [java] Module info 'META-INF/build.kotlin_module' exists

BUILD SUCCESSFUL
Total time: [time]

Return code: 0
