OUT:
Buildfile: [TestData]/build.xml

build:

ERR:

BUILD FAILED
[TestData]/build.xml:5: "output" should be specified

Total time: [time]

Return code: 1
