OUT:
Buildfile: [TestData]/build.xml

build:
  [kotlinc] Compiling [[TestData]/root1, [TestData]/root2] => [[Temp]/hello.jar]

BUILD SUCCESSFUL
Total time: [time]

Return code: 0
