// Jest Snapshot v1, https://goo.gl/fbAQLP

exports[`buildHelp 1`] = `
"Usage: prisma config get

this is

some multiline help
"
`;

exports[`buildHelpLine 1`] = `
Array [
  "config get",
  null,
]
`;
