// Jest Snapshot v1, https://goo.gl/fbAQLP

exports[`init choose local 1`] = `
Object {
  "datamodel.graphql": "type User {
  id: ID! @unique
  name: String!
}
",
  "docker-compose.yml": "version: '3'
services:
  prisma:
    restart: always
    ports:
    - \\"4466:4466\\"
    environment:
      PRISMA_CONFIG: |
        port: 4466
        # uncomment the next line and provide the env var PRISMA_MANAGEMENT_API_SECRET=my-secret to activate cluster security
        # managementApiSecret: my-secret
        databases:
          default:
            connector: mysql
            host: mysql
            port: 3306
            migrations: true
  mysql:
    restart: always
    environment:
      MYSQL_ROOT_PASSWORD: prisma
    volumes:
      - mysql:/var/lib/mysql
volumes:
  mysql:
",
  "prisma.yml": "endpoint: http://localhost:4466
datamodel: datamodel.graphql",
}
`;

exports[`init choose local 2`] = `
"
Created 3 new files:                                                                          

  prisma.yml           Prisma service definition
  datamodel.graphql    GraphQL SDL-based datamodel (foundation for database)
  docker-compose.yml   Docker configuration file

Next steps:

  1. Start your Prisma server: docker-compose up -d
  2. Deploy your Prisma service: prisma deploy
  3. Read more about Prisma server:
     http://bit.ly/prisma-server-overview
"
`;

exports[`init choose local 3`] = `""`;

exports[`init test project 1`] = `
Object {
  "datamodel.graphql": "type User {
  id: ID! @unique
  name: String!
}
",
  "docker-compose.yml": "version: '3'
services:
  prisma:
    restart: always
    ports:
    - \\"4466:4466\\"
    environment:
      PRISMA_CONFIG: |
        port: 4466
        # uncomment the next line and provide the env var PRISMA_MANAGEMENT_API_SECRET=my-secret to activate cluster security
        # managementApiSecret: my-secret
        databases:
          default:
            connector: postgres
            host: localhost
            port: 5432
            migrations: true",
  "prisma.yml": "endpoint: http://localhost:4466
datamodel: datamodel.graphql",
}
`;

exports[`init test project 2`] = `
"

Created 3 new files:                                                                          

  prisma.yml           Prisma service definition
  datamodel.graphql    GraphQL SDL-based datamodel (foundation for database)
  docker-compose.yml   Docker configuration file

Next steps:

  1. Start your Prisma server: docker-compose up -d
  2. Deploy your Prisma service: prisma deploy
  3. Read more about Prisma server:
     http://bit.ly/prisma-server-overview
"
`;

exports[`init test project 3`] = `
"
"
`;
