OUT:
Buildfile: [TestData]/build.xml

build:
  [kotlinc] Compiling [[TestData]/hello.kt] => [[Temp]/hello.jar]

BUILD SUCCESSFUL
Total time: [time]

Return code: 0
