// Jest Snapshot v1, https://goo.gl/fbAQLP

exports[`Introspector test schema - 2504 1`] = `
Object {
  "numTables": 2,
  "sdl": "type Direct_messages @pgTable(name: \\"direct_messages\\") {
  id: Int! @unique
  receiver: Users @pgRelation(column: \\"receiver_id\\") @relation(name: \\"DirectMessagesReceivers\\")
  sender: Users @pgRelation(column: \\"sender_id\\") @relation(name: \\"DirectMessagesSenders\\")
}

type Users @pgTable(name: \\"users\\") {
  id: Int! @unique
  direct_messages_receivers: [Direct_messages!]! @relation(name: \\"DirectMessagesReceivers\\")
  direct_messages_senders: [Direct_messages!]! @relation(name: \\"DirectMessagesSenders\\")
}",
}
`;
