// Jest Snapshot v1, https://goo.gl/fbAQLP

exports[`Introspector DateTime columns 1`] = `
Object {
  "numTables": 1,
  "sdl": "type Booleans @pgTable(name: \\"Booleans\\") {
  a: DateTime
  b: DateTime!
  c: DateTime!
}",
}
`;

exports[`Introspector Json columns 1`] = `
Object {
  "numTables": 1,
  "sdl": "type Booleans @pgTable(name: \\"Booleans\\") {
  a: Json
  b: Json!
}",
}
`;

exports[`Introspector Unmapped columns 1`] = `
Object {
  "numTables": 1,
  "sdl": "# type Unmapped @pgTable(name: \\"Unmapped\\") {
  # a: null # Type 'jsonb' is not yet supported.
  # c: null # Type 'tsvector' is not yet supported.
  # d: null # Type 'ARRAY' is not yet supported.
# }",
}
`;

exports[`Introspector boolean columns 1`] = `
Object {
  "numTables": 1,
  "sdl": "type Booleans @pgTable(name: \\"Booleans\\") {
  a: Boolean
  b: Boolean!
}",
}
`;

exports[`Introspector float columns 1`] = `
Object {
  "numTables": 1,
  "sdl": "type Floats @pgTable(name: \\"Floats\\") {
  a: Float @default(value: 3.4)
  b: Float
  c: Float
  d: Float
  e: Float!
  f: Float!
  g: Float!
  h: Float!
  i: Float
  j: Float!
}",
}
`;

exports[`Introspector int columns 1`] = `
Object {
  "numTables": 1,
  "sdl": "type Ints @pgTable(name: \\"Ints\\") {
  a: Int @default(value: 3)
  b: Int
  c: Int
  d: Int!
  e: Int!
  f: Int!
}",
}
`;

exports[`Introspector text columns 1`] = `
Object {
  "numTables": 1,
  "sdl": "type Strings @pgTable(name: \\"Strings\\") {
  id: ID! @unique @pgColumn(name: \\"pk\\")
  a: String @unique
  aa: String! @unique
  b: String @unique
  c: String @default(value: \\"abc\\")
  cc: String! @default(value: \\"abc\\")
  d: String!
  e: String!
  f: String!
  g: UUID
  h: UUID!
}",
}
`;

exports[`Introspector uuid columns 1`] = `
Object {
  "numTables": 1,
  "sdl": "type UUIDs @pgTable(name: \\"UUIDs\\") {
  id: UUID! @unique @pgColumn(name: \\"pk\\")
  nk: UUID!
  tk: UUID
}",
}
`;
