// Jest Snapshot v1, https://goo.gl/fbAQLP

exports[`Introspector test schema - 2504 1`] = `
Object {
  "numTables": 1,
  "sdl": "type Employee @pgTable(name: \\"Employee\\") {
  id: Int! @unique @pgColumn(name: \\"EmployeeId\\")
  Address: String
  BirthDate: DateTime
  City: String
  Country: String
  Email: String
  Employees: [Employee!]! @relation(name: \\"Employees\\")
  Fax: String
  FirstName: String!
  HireDate: DateTime
  LastName: String!
  Phone: String
  PostalCode: String
  ReportsTo: Employee @pgRelation(column: \\"ReportsTo\\") @relation(name: \\"EmployeesReportsTos\\")
  State: String
  Title: String
}",
}
`;
